// Jest Snapshot v1, https://goo.gl/fbAQLP

exports[`processExpenses processFile Processes a small file with two months in each of two years 1`] = `
"{
  \\"2017\\": {
    \\"total\\": \\"50\\",
    \\"Jan\\": {
      \\"total\\": \\"30\\",
      \\"byCategory\\": {
        \\"Clothing\\": \\"10\\",
        \\"Food\\": \\"20\\"
      },
      \\"byMerchant\\": {
        \\"Merchant A\\": \\"10\\",
        \\"Merchant B\\": \\"20\\"
      }
    },
    \\"Mar\\": {
      \\"total\\": \\"20\\",
      \\"byCategory\\": {
        \\"Clothing\\": \\"10\\",
        \\"Entertainment\\": \\"10\\"
      },
      \\"byMerchant\\": {
        \\"Merchant A\\": \\"10\\",
        \\"Merchant C\\": \\"10\\"
      }
    },
    \\"average\\": {
      \\"monthly\\": \\"25.00\\",
      \\"byCategory\\": {
        \\"Clothing\\": \\"10.00\\",
        \\"Food\\": \\"10.00\\",
        \\"Entertainment\\": \\"5.00\\"
      }
    }
  },
  \\"2018\\": {
    \\"total\\": \\"70\\",
    \\"Jan\\": {
      \\"total\\": \\"40\\",
      \\"byCategory\\": {
        \\"Clothing\\": \\"15\\",
        \\"Food\\": \\"25\\"
      },
      \\"byMerchant\\": {
        \\"Merchant A\\": \\"15\\",
        \\"Merchant B\\": \\"25\\"
      }
    },
    \\"Mar\\": {
      \\"total\\": \\"30\\",
      \\"byCategory\\": {
        \\"Clothing\\": \\"15\\",
        \\"Entertainment\\": \\"15\\"
      },
      \\"byMerchant\\": {
        \\"Merchant A\\": \\"15\\",
        \\"Merchant C\\": \\"15\\"
      }
    },
    \\"average\\": {
      \\"monthly\\": \\"35.00\\",
      \\"byCategory\\": {
        \\"Clothing\\": \\"15.00\\",
        \\"Food\\": \\"12.50\\",
        \\"Entertainment\\": \\"7.50\\"
      }
    }
  }
}"
`;

exports[`processExpenses processFile Processes demo data 1`] = `
"{
  \\"2018\\": {
    \\"total\\": \\"239.94\\",
    \\"Oct\\": {
      \\"total\\": \\"228.27\\",
      \\"byCategory\\": {
        \\"Groceries\\": \\"88.29\\",
        \\"Restaurant\\": \\"133.99\\",
        \\"Entertainment\\": \\"5.99\\"
      },
      \\"byMerchant\\": {
        \\"Loblaws\\": \\"88.29\\",
        \\"The Keg\\": \\"133.99\\",
        \\"Amazon\\": \\"5.99\\"
      }
    },
    \\"Nov\\": {
      \\"total\\": \\"11.67\\",
      \\"byCategory\\": {
        \\"Health\\": \\"11.67\\"
      },
      \\"byMerchant\\": {
        \\"Loblaws\\": \\"11.67\\"
      }
    },
    \\"average\\": {
      \\"monthly\\": \\"119.97\\",
      \\"byCategory\\": {
        \\"Groceries\\": \\"44.15\\",
        \\"Restaurant\\": \\"67.00\\",
        \\"Entertainment\\": \\"3.00\\",
        \\"Health\\": \\"5.84\\"
      }
    }
  }
}"
`;
